[2026-08-21T17:24:53Z] Created workflow run.
[2026-08-21T17:24:56Z] Literature search returned 0 records for a title-like query; trying 4 conservative recall fallback(s).
[2026-08-21T17:24:56Z] Trying title-search fallback query: 'Deep Learning Models for Health Driven Forecasting of Indoor Temperatures in Heat Waves in Canada An Exploratory Study Using Smart Thermostats'.
[2026-08-21T17:24:58Z] Title-search fallback completed with recordCount=0: 'Deep Learning Models for Health Driven Forecasting of Indoor Temperatures in Heat Waves in Canada An Exploratory Study Using Smart Thermostats'.
[2026-08-21T17:24:58Z] Trying title-search fallback query: 'Deep Learning Models for Health-Driven Forecasting of Indoor Temperatures in Heat Waves in Canada'.
[2026-08-21T17:24:59Z] Title-search fallback completed with recordCount=1: 'Deep Learning Models for Health-Driven Forecasting of Indoor Temperatures in Heat Waves in Canada'.
[2026-08-21T17:24:59Z] Using successful title-search fallback query: 'Deep Learning Models for Health-Driven Forecasting of Indoor Temperatures in Heat Waves in Canada'.
[2026-08-21T17:24:59Z] Literature search requested_limit=1000.
[2026-08-21T17:24:59Z] Completed literature search.
[2026-08-21T17:25:00Z] Completed deduplication. effective_limit=1000.
[2026-08-21T17:25:00Z] AI screening is using non-empty exclusion criteria from the run config (keys=['study_type', 'exposure', 'outcome']).
[2026-08-21T17:25:00Z] Trying to retrieve concrete records for chunked AI screening: result_type=deduped, limit=1000, page_size=500.
[2026-08-21T17:25:02Z] Retrieved 1 concrete records so far for chunked AI screening using result_type=deduped.
[2026-08-21T17:25:02Z] Retrieved 1 concrete records for chunked AI screening using result_type=deduped.
[2026-08-21T17:25:02Z] AI screening will use record-level local decision mapping for 1 records in 1 checkpoint chunk(s), chunk_size=75. Opaque references_* ids returned by /ai-screening will be kept for audit only and will not be sent to /results.
[2026-08-21T17:25:02Z] AI screening record-level workers=1 (parallel=disabled).
[2026-08-21T17:25:11Z] Completed AI screening chunk 1/1: Relevant=1, Unclear=0, Not relevant=0.
[2026-08-21T17:25:11Z] Completed record-level AI screening for 1 records: Relevant=1, Unclear=0, Not relevant=0; retained=1.
[2026-08-21T17:25:11Z] AI screening effective_limit=1000.
[2026-08-21T17:25:11Z] Completed AI screening.
[2026-08-21T17:25:11Z] Retrieving records from 1 AI-screening chunk result(s).
[2026-08-21T17:25:11Z] Retrieved 1 records from chunked AI screening.
[2026-08-21T17:25:11Z] PDF download will attempt all retrieved records: 1.
[2026-08-21T17:25:11Z] Row-level PDF mode enabled: requesting one reference per PDF batch for safest article-to-PDF mapping.
[2026-08-21T17:25:11Z] PDF download will request 1 references in 1 batch(es), batch_size=1, min_batch_size=1, retries=1.
[2026-08-21T17:25:11Z] PDF parallel mode disabled; running batches sequentially.
[2026-08-21T17:25:11Z] Starting PDF batch 1/1 (1 references), attempt 1/2.
[2026-08-21T17:25:12Z] Checkpointed PDF manifest after PDF batch 1/1 (1 references); completed units: 1, errors: 0.
[2026-08-21T17:25:12Z] Completed PDF download stage.
[2026-08-21T17:25:13Z] Generated Knowledge Space outputs: {'records': 1, 'clusters': 1, 'priority_items': 1, 'large_scale_mode': False, 'umap': 'single_record'}.
[2026-08-21T17:25:13Z] Completed intelligence extraction.
[2026-08-21T17:25:13Z] Paused for approval: post-pdf-download.
