[2026-08-21T17:19:39Z] Created workflow run.
[2026-08-21T17:19:42Z] Literature search requested_limit=1000.
[2026-08-21T17:19:42Z] Completed literature search.
[2026-08-21T17:19:42Z] Completed deduplication. effective_limit=1000.
[2026-08-21T17:19:42Z] AI screening is using non-empty exclusion criteria from the run config (keys=['study_type', 'exposure', 'outcome']).
[2026-08-21T17:19:42Z] Trying to retrieve concrete records for chunked AI screening: result_type=deduped, limit=1000, page_size=500.
[2026-08-21T17:19:42Z] Retrieved 1 concrete records so far for chunked AI screening using result_type=deduped.
[2026-08-21T17:19:42Z] Retrieved 1 concrete records for chunked AI screening using result_type=deduped.
[2026-08-21T17:19:42Z] AI screening will use record-level local decision mapping for 1 records in 1 checkpoint chunk(s), chunk_size=75. Opaque references_* ids returned by /ai-screening will be kept for audit only and will not be sent to /results.
[2026-08-21T17:19:42Z] AI screening record-level workers=1 (parallel=disabled).
[2026-08-21T17:19:50Z] Completed AI screening chunk 1/1: Relevant=1, Unclear=0, Not relevant=0.
[2026-08-21T17:19:50Z] Completed record-level AI screening for 1 records: Relevant=1, Unclear=0, Not relevant=0; retained=1.
[2026-08-21T17:19:50Z] AI screening effective_limit=1000.
[2026-08-21T17:19:50Z] Completed AI screening.
[2026-08-21T17:19:50Z] Retrieving records from 1 AI-screening chunk result(s).
[2026-08-21T17:19:50Z] Retrieved 1 records from chunked AI screening.
[2026-08-21T17:19:50Z] PDF download will attempt all retrieved records: 1.
[2026-08-21T17:19:50Z] Row-level PDF mode enabled: requesting one reference per PDF batch for safest article-to-PDF mapping.
[2026-08-21T17:19:50Z] PDF download will request 1 references in 1 batch(es), batch_size=1, min_batch_size=1, retries=1.
[2026-08-21T17:19:50Z] PDF parallel mode disabled; running batches sequentially.
[2026-08-21T17:19:50Z] Starting PDF batch 1/1 (1 references), attempt 1/2.
[2026-08-21T17:19:50Z] Checkpointed PDF manifest after PDF batch 1/1 (1 references); completed units: 1, errors: 0.
[2026-08-21T17:19:50Z] Completed PDF download stage.
[2026-08-21T17:19:51Z] Generated Knowledge Space outputs: {'records': 1, 'clusters': 1, 'priority_items': 1, 'large_scale_mode': False, 'umap': 'single_record'}.
[2026-08-21T17:19:51Z] Completed intelligence extraction.
[2026-08-21T17:19:51Z] Paused for approval: post-pdf-download.
